    Updating crates.io index
    Updating git repository `https://github.com/johannes-schmieder/CMG`
    Updating git repository `https://github.com/py-econometrics/within`
 Downloading crates ...
  Downloaded approx v0.5.1
  Downloaded bytemuck v1.25.2
  Downloaded cfg-if v1.0.4
  Downloaded thread_local v1.1.10
  Downloaded rawpointer v0.2.1
  Downloaded crossbeam-deque v0.8.7
  Downloaded thiserror-impl v2.0.20
  Downloaded thiserror v2.0.20
  Downloaded unicode-ident v1.0.24
  Downloaded proc-macro2 v1.0.107
  Downloaded typenum v1.20.1
  Downloaded wide v0.7.33
  Downloaded num-bigint v0.4.8
  Downloaded safe_arch v0.7.4
  Downloaded simba v0.9.1
  Downloaded rayon v1.12.0
  Downloaded rayon-core v1.13.0
  Downloaded num-traits v0.2.19
  Downloaded num-complex v0.4.6
  Downloaded matrixmultiply v0.3.11
  Downloaded crossbeam-utils v0.8.22
  Downloaded syn v3.0.4
  Downloaded autocfg v1.5.1
  Downloaded quote v1.0.47
  Downloaded either v1.18.0
  Downloaded crossbeam-epoch v0.9.20
  Downloaded nalgebra v0.33.3
  Downloaded paste v1.0.15
  Downloaded num-rational v0.4.2
  Downloaded num-integer v0.1.47
   Compiling autocfg v1.5.1
   Compiling proc-macro2 v1.0.107
   Compiling quote v1.0.47
   Compiling unicode-ident v1.0.24
   Compiling crossbeam-utils v0.8.22
   Compiling crossbeam-epoch v0.9.20
   Compiling num-traits v0.2.19
   Compiling crossbeam-deque v0.8.7
   Compiling thiserror v2.0.20
   Compiling syn v3.0.4
   Compiling paste v1.0.15
    Checking bytemuck v1.25.2
   Compiling rayon-core v1.13.0
    Checking safe_arch v0.7.4
   Compiling matrixmultiply v0.3.11
    Checking approx v0.5.1
    Checking wide v0.7.33
    Checking num-integer v0.1.47
    Checking num-complex v0.4.6
    Checking either v1.18.0
    Checking cfg-if v1.0.4
    Checking rawpointer v0.2.1
    Checking thread_local v1.1.10
    Checking rayon v1.12.0
    Checking num-rational v0.4.2
    Checking typenum v1.20.1
    Checking simba v0.9.1
    Checking cmg v0.1.0 (https://github.com/johannes-schmieder/CMG?rev=90e1fe0b0c14065155532711246ede6678bb4935#90e1fe0b)
   Compiling thiserror-impl v2.0.20
    Checking schwarz-precond v0.4.0 (https://github.com/py-econometrics/within?rev=b7779cbab7a3116be56aae4389fde1f6e6a99a9f#b7779cba)
    Checking multiway-incidence v0.1.0 (/home/runner/work/MultiwayMG/MultiwayMG/crates/multiway-incidence)
    Checking nalgebra v0.33.3
    Checking multiway-mg v0.1.0 (/home/runner/work/MultiwayMG/MultiwayMG/crates/multiway-mg)
error[E0432]: unresolved imports `multiway_mg::CyclePortfolioStructuralRejection`, `multiway_mg::CycleQualityCriteria`, `multiway_mg::CycleQualityOptions`, `multiway_mg::build_cycle_screened_bootstrap_aggregation`
 --> crates/multiway-mg/tests/cycle_portfolio.rs:5:34
  |
5 |     CompatibleRelaxationOptions, CyclePortfolioStructuralRejection, CycleQualityCriteria,
  |                                  ^^^^^^^^^^^^^^^^^^^^^^^^^^^^^^^^^  ^^^^^^^^^^^^^^^^^^^^ no `CycleQualityCriteria` in the root
  |                                  |
  |                                  no `CyclePortfolioStructuralRejection` in the root
6 |     CycleQualityOptions, DiagonalPreconditioner, FactorAggregation, SymmetricMapPreconditioner,
  |     ^^^^^^^^^^^^^^^^^^^ no `CycleQualityOptions` in the root
7 |     SymmetricTwoGridPreconditioner, ThreeWayProblem, build_cycle_screened_bootstrap_aggregation,
  |                                                      ^^^^^^^^^^^^^^^^^^^^^^^^^^^^^^^^^^^^^^^^^^
  |                                                      |
  |                                                      no `build_cycle_screened_bootstrap_aggregation` in the root
  |                                                      help: a similar name exists in the module: `build_screened_bootstrap_aggregation`

For more information about this error, try `rustc --explain E0432`.
error: could not compile `multiway-mg` (test "cycle_portfolio") due to 1 previous error
warning: build failed, waiting for other jobs to finish...
error: function `calibration_fixtures` is never used
  --> crates/multiway-mg/examples/support/issue3_fixtures.rs:35:8
   |
35 | pub fn calibration_fixtures() -> Result<Vec<Issue3Fixture>, DynError> {
   |        ^^^^^^^^^^^^^^^^^^^^
   |
   = note: `-D dead-code` implied by `-D warnings`
   = help: to override `-D warnings` add `#[allow(dead_code)]`

error: function `holdout_fixtures` is never used
  --> crates/multiway-mg/examples/support/issue3_fixtures.rs:72:8
   |
72 | pub fn holdout_fixtures() -> Result<Vec<Issue3Fixture>, DynError> {
   |        ^^^^^^^^^^^^^^^^

error: could not compile `multiway-mg` (example "issue3_portfolio_holdout") due to 2 previous errors
