    Updating crates.io index
    Updating git repository `https://github.com/johannes-schmieder/CMG`
    Updating git repository `https://github.com/py-econometrics/within`
 Downloading crates ...
  Downloaded cfg-if v1.0.4
  Downloaded approx v0.5.1
  Downloaded crossbeam-deque v0.8.7
  Downloaded autocfg v1.5.1
  Downloaded either v1.18.0
  Downloaded thread_local v1.1.10
  Downloaded rawpointer v0.2.1
  Downloaded thiserror-impl v2.0.20
  Downloaded num-integer v0.1.47
  Downloaded crossbeam-epoch v0.9.20
  Downloaded quote v1.0.47
  Downloaded thiserror v2.0.20
  Downloaded num-complex v0.4.6
  Downloaded crossbeam-utils v0.8.22
  Downloaded paste v1.0.15
  Downloaded num-rational v0.4.2
  Downloaded bytemuck v1.25.2
  Downloaded proc-macro2 v1.0.107
  Downloaded unicode-ident v1.0.24
  Downloaded safe_arch v0.7.4
  Downloaded matrixmultiply v0.3.11
  Downloaded wide v0.7.33
  Downloaded num-bigint v0.4.8
  Downloaded typenum v1.20.1
  Downloaded rayon-core v1.13.0
  Downloaded simba v0.9.1
  Downloaded num-traits v0.2.19
  Downloaded rayon v1.12.0
  Downloaded syn v3.0.4
  Downloaded nalgebra v0.33.3
   Compiling autocfg v1.5.1
   Compiling proc-macro2 v1.0.107
   Compiling quote v1.0.47
   Compiling crossbeam-utils v0.8.22
   Compiling unicode-ident v1.0.24
   Compiling crossbeam-epoch v0.9.20
   Compiling num-traits v0.2.19
   Compiling crossbeam-deque v0.8.7
   Compiling rayon-core v1.13.0
   Compiling thiserror v2.0.20
   Compiling syn v3.0.4
   Compiling paste v1.0.15
   Compiling bytemuck v1.25.2
   Compiling safe_arch v0.7.4
   Compiling matrixmultiply v0.3.11
   Compiling wide v0.7.33
   Compiling approx v0.5.1
   Compiling num-integer v0.1.47
   Compiling num-complex v0.4.6
   Compiling either v1.18.0
   Compiling rawpointer v0.2.1
   Compiling cfg-if v1.0.4
   Compiling thread_local v1.1.10
   Compiling thiserror-impl v2.0.20
   Compiling simba v0.9.1
   Compiling rayon v1.12.0
   Compiling num-rational v0.4.2
   Compiling typenum v1.20.1
   Compiling multiway-incidence v0.1.0 (/home/runner/work/MultiwayMG/MultiwayMG/crates/multiway-incidence)
   Compiling cmg v0.1.0 (https://github.com/johannes-schmieder/CMG?rev=90e1fe0b0c14065155532711246ede6678bb4935#90e1fe0b)
   Compiling schwarz-precond v0.4.0 (https://github.com/py-econometrics/within?rev=b7779cbab7a3116be56aae4389fde1f6e6a99a9f#b7779cba)
   Compiling nalgebra v0.33.3
   Compiling multiway-mg v0.1.0 (/home/runner/work/MultiwayMG/MultiwayMG/crates/multiway-mg)
warning: function `calibration_fixtures` is never used
  --> crates/multiway-mg/examples/support/issue3_fixtures.rs:35:8
   |
35 | pub fn calibration_fixtures() -> Result<Vec<Issue3Fixture>, DynError> {
   |        ^^^^^^^^^^^^^^^^^^^^
   |
   = note: `#[warn(dead_code)]` on by default

warning: function `holdout_fixtures` is never used
  --> crates/multiway-mg/examples/support/issue3_fixtures.rs:72:8
   |
72 | pub fn holdout_fixtures() -> Result<Vec<Issue3Fixture>, DynError> {
   |        ^^^^^^^^^^^^^^^^

warning: `multiway-mg` (example "issue3_portfolio_holdout") generated 2 warnings
    Finished `release` profile [optimized] target(s) in 21.37s
     Running `target/release/examples/issue3_portfolio_holdout diagnostics/portfolio-determinism/a`
