    Updating crates.io index
    Updating git repository `https://github.com/johannes-schmieder/CMG`
    Updating git repository `https://github.com/py-econometrics/within`
 Downloading crates ...
  Downloaded approx v0.5.1
  Downloaded crossbeam-utils v0.8.22
  Downloaded either v1.18.0
  Downloaded thread_local v1.1.10
  Downloaded rawpointer v0.2.1
  Downloaded autocfg v1.5.1
  Downloaded cfg-if v1.0.4
  Downloaded crossbeam-deque v0.8.7
  Downloaded quote v1.0.47
  Downloaded num-rational v0.4.2
  Downloaded thiserror-impl v2.0.20
  Downloaded crossbeam-epoch v0.9.20
  Downloaded num-integer v0.1.47
  Downloaded thiserror v2.0.20
  Downloaded paste v1.0.15
  Downloaded unicode-ident v1.0.24
  Downloaded matrixmultiply v0.3.11
  Downloaded simba v0.9.1
  Downloaded bytemuck v1.25.2
  Downloaded proc-macro2 v1.0.107
  Downloaded num-traits v0.2.19
  Downloaded safe_arch v0.7.4
  Downloaded rayon-core v1.13.0
  Downloaded wide v0.7.33
  Downloaded num-bigint v0.4.8
  Downloaded typenum v1.20.1
  Downloaded rayon v1.12.0
  Downloaded num-complex v0.4.6
  Downloaded syn v3.0.4
  Downloaded nalgebra v0.33.3
   Compiling autocfg v1.5.1
   Compiling proc-macro2 v1.0.107
   Compiling unicode-ident v1.0.24
   Compiling crossbeam-utils v0.8.22
   Compiling quote v1.0.47
   Compiling num-traits v0.2.19
   Compiling crossbeam-epoch v0.9.20
   Compiling crossbeam-deque v0.8.7
    Checking bytemuck v1.25.2
   Compiling paste v1.0.15
   Compiling syn v3.0.4
   Compiling rayon-core v1.13.0
   Compiling thiserror v2.0.20
    Checking safe_arch v0.7.4
   Compiling matrixmultiply v0.3.11
    Checking wide v0.7.33
    Checking num-integer v0.1.47
    Checking num-complex v0.4.6
    Checking approx v0.5.1
    Checking rawpointer v0.2.1
    Checking cfg-if v1.0.4
    Checking either v1.18.0
    Checking thread_local v1.1.10
    Checking rayon v1.12.0
    Checking num-rational v0.4.2
    Checking simba v0.9.1
    Checking typenum v1.20.1
    Checking cmg v0.1.0 (https://github.com/johannes-schmieder/CMG?rev=90e1fe0b0c14065155532711246ede6678bb4935#90e1fe0b)
   Compiling thiserror-impl v2.0.20
    Checking multiway-incidence v0.1.0 (/home/runner/work/MultiwayMG/MultiwayMG/crates/multiway-incidence)
    Checking schwarz-precond v0.4.0 (https://github.com/py-econometrics/within?rev=b7779cbab7a3116be56aae4389fde1f6e6a99a9f#b7779cba)
    Checking nalgebra v0.33.3
    Checking multiway-mg v0.1.0 (/home/runner/work/MultiwayMG/MultiwayMG/crates/multiway-mg)
error[E0004]: non-exhaustive patterns: `_` not covered
   --> crates/multiway-mg/examples/issue3_portfolio_holdout.rs:607:11
    |
607 |     match portfolio.acceptance_screen() {
    |           ^^^^^^^^^^^^^^^^^^^^^^^^^^^^^ pattern `_` not covered
    |
note: `BootstrapAcceptanceScreen` defined here
   --> /home/runner/work/MultiwayMG/MultiwayMG/crates/multiway-mg/src/bootstrap_portfolio.rs:34:1
    |
34  | pub enum BootstrapAcceptanceScreen {
    | ^^^^^^^^^^^^^^^^^^^^^^^^^^^^^^^^^^
    = note: the matched value is of type `BootstrapAcceptanceScreen`
    = note: `BootstrapAcceptanceScreen` is marked as non-exhaustive, so a wildcard `_` is necessary to match exhaustively
help: ensure that all possible cases are being handled by adding a match arm with a wildcard pattern or an explicit pattern as shown
    |
613 ~         BootstrapAcceptanceScreen::Rejected => "rejected-primary-final",
614 ~         _ => todo!(),
    |

For more information about this error, try `rustc --explain E0004`.
error: could not compile `multiway-mg` (example "issue3_portfolio_holdout") due to 1 previous error
