   Compiling serde_core v1.0.229
   Compiling serde v1.0.229
   Compiling zerocopy v0.8.55
   Compiling getrandom v0.4.3
   Compiling rand_core v0.10.1
   Compiling either v1.17.0
   Compiling semver v1.0.28
   Compiling zmij v1.0.23
   Compiling rustix v1.1.4
   Compiling regex-syntax v0.8.11
   Compiling serde_json v1.0.151
   Compiling bitflags v2.13.1
   Compiling num-traits v0.2.19
   Compiling matrixmultiply v0.3.11
   Compiling byteorder v1.5.0
   Compiling plotters-backend v0.3.7
   Compiling fastrand v2.5.0
   Compiling memchr v2.8.3
   Compiling portable-atomic v1.14.0
   Compiling ciborium-io v0.2.2
   Compiling zerocopy-derive v0.8.55
   Compiling errno v0.3.14
   Compiling anstyle v1.0.14
   Compiling itoa v1.0.18
   Compiling chacha20 v0.10.1
   Compiling clap_lex v1.1.0
   Compiling rustc_version v0.4.1
   Compiling rayon v1.12.0
   Compiling hash32 v0.2.1
   Compiling stable_deref_trait v1.2.1
   Compiling rawpointer v0.2.1
   Compiling clap_builder v4.6.2
   Compiling plotters-svg v0.3.7
   Compiling itertools v0.13.0
   Compiling cobs v0.3.0
   Compiling wait-timeout v0.2.1
   Compiling cast v0.3.0
   Compiling bit-vec v0.8.0
   Compiling same-file v1.0.6
   Compiling quick-error v1.2.3
   Compiling fnv v1.0.7
   Compiling walkdir v2.5.0
   Compiling rand v0.9.5
   Compiling rand_xorshift v0.4.0
   Compiling oorandom v11.1.5
   Compiling unarray v0.1.4
   Compiling heapless v0.7.17
   Compiling bit-set v0.8.0
   Compiling anes v0.1.6
   Compiling rand v0.10.2
   Compiling criterion-plot v0.6.0
   Compiling regex-automata v0.4.16
   Compiling clap v4.6.4
   Compiling num-complex v0.4.6
   Compiling num-integer v0.1.46
   Compiling plotters v0.3.7
   Compiling ndarray v0.17.2
   Compiling regex v1.13.1
   Compiling tempfile v3.27.0
   Compiling rusty-fork v0.3.1
   Compiling approx-chol v0.5.0
   Compiling schwarz-precond v0.4.0 (/Users/johannes/Git/within-multiwaymg/crates/schwarz-precond)
   Compiling tinytemplate v1.2.1
   Compiling postcard v1.1.3
   Compiling within v0.4.0 (/Users/johannes/Git/within-multiwaymg/crates/within)
warning: unused import: `Operator`
 --> crates/within/src/operator/schwarz/serial.rs:4:23
  |
4 | use schwarz_precond::{Operator, OperatorMut, SerialSchwarzWorkspace, SolveError};
  |                       ^^^^^^^^
  |
  = note: `#[warn(unused_imports)]` on by default

   Compiling half v2.7.1
   Compiling ppv-lite86 v0.2.21
   Compiling rand_chacha v0.9.0
   Compiling ciborium-ll v0.2.2
   Compiling proptest v1.11.0
   Compiling ciborium v0.2.2
   Compiling criterion v0.7.0
warning: `within` (lib) generated 1 warning
    Finished `test` profile [unoptimized + debuginfo] target(s) in 6.13s
     Running tests/serial_preconditioner.rs (/Users/johannes/Git/MultiwayMG-assessments/2026-09-19-m6o/target/debug/deps/serial_preconditioner-28ec8a870b62ccdf)

running 2 tests
test diagonal_action_uses_no_workspace_array_and_validates_before_output ... ok
test real_pair_actions_match_one_worker_pooled_reference_and_repeat_across_pools ... ok

test result: ok. 2 passed; 0 failed; 0 ignored; 0 measured; 0 filtered out; finished in 0.05s

     Running tests/serial_preconditioner_allocations.rs (/Users/johannes/Git/MultiwayMG-assessments/2026-09-19-m6o/target/debug/deps/serial_preconditioner_allocations-baefe84b8e5aa56d)

thread 'main' panicked at crates/within/tests/serial_preconditioner_allocations.rs:51:17:
assertion `left == right` failed
  left: (3, 0, 0)
 right: (0, 0, 0)
note: run with `RUST_BACKTRACE=1` environment variable to display a backtrace
error: test failed, to rerun pass `--test serial_preconditioner_allocations`
